---
source: tests/it/render.rs
expression: output_content
---
2024/12/first.html: "<html>\n    <head>\n        <title>Post: My First Post</title>\n        <link rel=\"stylesheet\" href=\"/assets/style.css\">\n    </head>\n    <body class=\"post\">\n        <h1>Post: My First Post</h1>\n        <p>Published on 2024-12-27</p>\n        <div class=\"post\">\n          <h2>This is my first post</h2>\n<p>This is a test of the <strong>first post</strong>.</p>\n\n        </div>\n    </body>\n        <ul class=\"posts\"></ul>\n          \n            <li><a href=\"/2024/12/second.html\">My Home Page</a></li>\n          \n            <li><a href=\"/2024/12/first.html\">My First Post</a></li>\n          \n        </ul>\n</html>\n"
2024/12/second.html: "<html>\n    <head>\n        <title>Post: My Home Page</title>\n        <link rel=\"stylesheet\" href=\"/assets/style.css\">\n    </head>\n    <body class=\"post\">\n        <h1>Post: My Home Page</h1>\n        <p>Published on 2024-12-28</p>\n        <div class=\"post\">\n          <h2>This is my second post</h2>\n<p>This is a test of the <strong>second post</strong>.</p>\n\n        </div>\n    </body>\n        <ul class=\"posts\"></ul>\n          \n            <li><a href=\"/2024/12/second.html\">My Home Page</a></li>\n          \n            <li><a href=\"/2024/12/first.html\">My First Post</a></li>\n          \n        </ul>\n</html>\n"
index.html: "<html>\n    <head>\n        <title>Home Page</title>\n        <link rel=\"stylesheet\" href=\"/assets/style.css\">\n    </head>\n    <body>\n        <h1>Home Page</h1>\n        <p>This is my home page.</p>\n\n    </body>\n</html>\n"
style.css: "h1 {\n  color: red;\n}\n"
